// Jest Snapshot v1, https://goo.gl/fbAQLP

exports[`Pruebas en <TodoItemEditable /> debe de hacer match con el snapshot 1`] = `
<div>
  <div
    class="container-fluid p-0 "
  >
    <div
      class="row"
    >
      <div
        class="col"
      >
        <input
          class="form-control align-top"
          name="description"
          type="text"
          value="prueba todo"
        />
      </div>
      <div
        class="col-auto mt-0"
      >
        <button
          aria-label="btn-save"
          class="btn btn-primary align-top"
        >
          save
        </button>
      </div>
    </div>
  </div>
</div>
`;
